// Jest Snapshot v1, https://goo.gl/fbAQLP

exports[`ModalAlert calls onPressOverlay when overlay is pressed 1`] = `
[MockFunction] {
  "calls": [
    [],
  ],
  "results": [
    {
      "type": "return",
      "value": undefined,
    },
  ],
}
`;

exports[`ModalAlert renders correctly 1`] = `ShallowWrapper {}`;
